<?xml version="1.0" encoding="utf-8"?><testsuites name="pytest tests"><testsuite name="pytest" errors="0" failures="0" skipped="0" tests="8" time="101.645" timestamp="2026-08-11T13:47:37.541516+05:30" hostname="Samiksha"><testcase classname="tests.test_api_crud" name="test_create_todo[chromium]" time="8.690" /><testcase classname="tests.test_api_crud" name="test_read_todo[chromium]" time="0.952" /><testcase classname="tests.test_api_crud" name="test_update_todo[chromium]" time="1.224" /><testcase classname="tests.test_api_crud" name="test_delete_todo[chromium]" time="1.231" /><testcase classname="tests.test_complete_e2e" name="test_complete_purchase_journey[chromium]" time="59.391" /><testcase classname="tests.test_negative_scenarios" name="test_login_with_invalid_credentials[chromium]" time="12.614" /><testcase classname="tests.test_negative_scenarios" name="test_search_for_nonexistent_product[chromium]" time="7.982" /><testcase classname="tests.test_product_details" name="test_verify_first_product_details[chromium]" time="9.355" /></testsuite></testsuites>